// Jest Snapshot v1, https://goo.gl/fbAQLP

exports[`Unit tests for AllArticles Components Snapshot test for All Article component 1`] = `
<DocumentFragment>
  <section
    class="all-sc"
  >
    <div
      class="container"
    >
      <div
        class="popular-content"
      >
        <div
          class="section-head flex items-end justify-between"
        >
          <div
            class="sc-head-l"
          >
            <h4
              class="title title-lg"
            >
              All Articles
            </h4>
            <p
              class="text text-base"
            >
              We share common trends, strategies ideas, opinions, short & long stories from the team behind company.
            </p>
          </div>
          <div
            class="sc-head-r"
          >
            <a
              class="btn btn-o-primary"
              href="/blogs/all"
              type="button"
            >
              View all
              <span
                class="btn-icon"
              >
                <i
                  class="bi bi-arrow-right"
                />
              </span>
            </a>
          </div>
        </div>
        <div
          class="card-list grid-cols grid-cols-2"
        >
          <a
            data-testid="slugLink"
            href="/blogdetails/post8"
          >
            <div
              class="card "
              data-testid="artice"
            >
              <img
                alt="10 Tips for Budget-Friendly Travel Blog Header Image"
                class="card-overlay-img object-fit-cover"
                data-testid="Image"
                src="blogImg8.jpg"
              />
              <div
                class="card-content"
              >
                <div
                  class="card-body"
                >
                  <h3
                    class="title title-base"
                  >
                    Home Safety: Detecting and Preventing Gas Leaks
                  </h3>
                  <p
                    class="text text-lg"
                  >
                    Learn how to safeguard your home and loved ones from the dangers of gas leaks.
                  </p>
                </div>
                <div
                  class="card-footer card-footer-light flex justify-between items-center"
                >
                  <div
                    class="writer-info grid"
                  >
                    <div
                      class="info-avatar"
                    >
                      <img
                        alt=" Nathan"
                        class="object-fit-cover"
                        src="author1.jpg"
                      />
                    </div>
                    <div
                      class="info-intro"
                    >
                      <p
                        class="intro-name text-base"
                      >
                        Eleanor Stevens
                      </p>
                      <div
                        class="intro-verify flex items-center"
                      >
                        <img
                          alt="icon"
                          class="verify-icon"
                          src="verify_icon_filled.svg"
                        />
                        <span
                          class="verify-status text-sm text"
                        >
                          Verified writer
                        </span>
                      </div>
                    </div>
                  </div>
                  <div
                    class="date-info text text-base"
                  >
                    20 September
                  </div>
                </div>
              </div>
            </div>
          </a>
          <a
            data-testid="slugLink"
            href="/blogdetails/post9"
          >
            <div
              class="card "
              data-testid="artice"
            >
              <img
                alt="The Balancing Act of Modern Parenthood"
                class="card-overlay-img object-fit-cover"
                data-testid="Image"
                src="blogImg9.jpg"
              />
              <div
                class="card-content"
              >
                <div
                  class="card-body"
                >
                  <h3
                    class="title title-base"
                  >
                    The Balancing Act of Modern Parenthood
                  </h3>
                  <p
                    class="text text-lg"
                  >
                    Navigating the challenges and joys of being a parent in today's fast-paced world.
                  </p>
                </div>
                <div
                  class="card-footer card-footer-light flex justify-between items-center"
                >
                  <div
                    class="writer-info grid"
                  >
                    <div
                      class="info-avatar"
                    >
                      <img
                        alt=" Marcus"
                        class="object-fit-cover"
                        src="author9.jpg"
                      />
                    </div>
                    <div
                      class="info-intro"
                    >
                      <p
                        class="intro-name text-base"
                      >
                        Marcus Robinson
                      </p>
                      <div
                        class="intro-verify flex items-center"
                      >
                        <img
                          alt="icon"
                          class="verify-icon"
                          src="verify_icon_filled.svg"
                        />
                        <span
                          class="verify-status text-sm text"
                        >
                          Verified writer
                        </span>
                      </div>
                    </div>
                  </div>
                  <div
                    class="date-info text text-base"
                  >
                    10 October
                  </div>
                </div>
              </div>
            </div>
          </a>
        </div>
        <div
          class="card-list grid-cols grid-cols-3"
        >
          <a
            data-testid="slugLink"
            href="/blogdetails/post10"
          >
            <div
              class="card card-sm"
              data-testid="artice"
            >
              <img
                alt="10 Tips for Budget-Friendly Travel Blog Header Image"
                class="card-overlay-img object-fit-cover"
                data-testid="Image"
                src="blogImg10.jpg"
              />
              <div
                class="card-content"
              >
                <div
                  class="card-body"
                >
                  <h3
                    class="title title-base"
                  >
                    Embracing Automation: Shaping the Future of Employment
                  </h3>
                </div>
                <div
                  class="card-footer card-footer-light flex justify-between items-center"
                >
                  <div
                    class="writer-info grid"
                  >
                    <div
                      class="info-avatar"
                    >
                      <img
                        alt=" Isabella"
                        class="object-fit-cover"
                        src="author10.jpg"
                      />
                    </div>
                    <div
                      class="info-intro"
                    >
                      <p
                        class="intro-name text-base"
                      >
                        Isabella Carter
                      </p>
                      <div
                        class="intro-verify flex items-center"
                      >
                        <img
                          alt="icon"
                          class="verify-icon"
                          src="verify_icon_filled.svg"
                        />
                        <span
                          class="verify-status text-sm text"
                        >
                          Verified writer
                        </span>
                      </div>
                    </div>
                  </div>
                  <div
                    class="date-info text text-base"
                  >
                    05 November
                  </div>
                </div>
              </div>
            </div>
          </a>
          <a
            data-testid="slugLink"
            href="/blogdetails/post11"
          >
            <div
              class="card card-sm"
              data-testid="artice"
            >
              <img
                alt="Unleashing the Power of Big Data Analytic"
                class="card-overlay-img object-fit-cover"
                data-testid="Image"
                src="blogImg11.jpg"
              />
              <div
                class="card-content"
              >
                <div
                  class="card-body"
                >
                  <h3
                    class="title title-base"
                  >
                    Unleashing the Power of Big Data Analytics
                  </h3>
                </div>
                <div
                  class="card-footer card-footer-light flex justify-between items-center"
                >
                  <div
                    class="writer-info grid"
                  >
                    <div
                      class="info-avatar"
                    >
                      <img
                        alt=" Nathan"
                        class="object-fit-cover"
                        src="author1.jpg"
                      />
                    </div>
                    <div
                      class="info-intro"
                    >
                      <p
                        class="intro-name text-base"
                      >
                        Nathan Patel
                      </p>
                      <div
                        class="intro-verify flex items-center"
                      >
                        <img
                          alt="icon"
                          class="verify-icon"
                          src="verify_icon_filled.svg"
                        />
                        <span
                          class="verify-status text-sm text"
                        >
                          Verified writer
                        </span>
                      </div>
                    </div>
                  </div>
                  <div
                    class="date-info text text-base"
                  >
                    28 November
                  </div>
                </div>
              </div>
            </div>
          </a>
          <a
            data-testid="slugLink"
            href="/blogdetails/post12"
          >
            <div
              class="card card-sm"
              data-testid="artice"
            >
              <img
                alt="10 Tips for Budget-Friendly Travel Blog Header Image"
                class="card-overlay-img object-fit-cover"
                data-testid="Image"
                src="blogImg12.jpg"
              />
              <div
                class="card-content"
              >
                <div
                  class="card-body"
                >
                  <h3
                    class="title title-base"
                  >
                    Lifelong Learning: Navigating Education in the Digital Age
                  </h3>
                </div>
                <div
                  class="card-footer card-footer-light flex justify-between items-center"
                >
                  <div
                    class="writer-info grid"
                  >
                    <div
                      class="info-avatar"
                    >
                      <img
                        alt=" Sophia"
                        class="object-fit-cover"
                        src="author2.jpg"
                      />
                    </div>
                    <div
                      class="info-intro"
                    >
                      <p
                        class="intro-name text-base"
                      >
                        Sophia Carter
                      </p>
                      <div
                        class="intro-verify flex items-center"
                      >
                        <img
                          alt="icon"
                          class="verify-icon"
                          src="verify_icon_filled.svg"
                        />
                        <span
                          class="verify-status text-sm text"
                        >
                          Verified writer
                        </span>
                      </div>
                    </div>
                  </div>
                  <div
                    class="date-info text text-base"
                  >
                    15 December
                  </div>
                </div>
              </div>
            </div>
          </a>
        </div>
      </div>
    </div>
  </section>
</DocumentFragment>
`;
