// Jest Snapshot v1, https://goo.gl/fbAQLP

exports[`Unit tests for BlogDetails Components Snapshot test for BlogDetails component 1`] = `
<DocumentFragment>
  <div>
    BlogDetails
    <br />
    <br />
    <br />
    <br />
    <br />
    <br />
    <br />
    <br />
    <br />
    <br />
    <br />
    <br />
    <br />
    <br />
    <br />
    <br />
    <br />
    <br />
    <br />
    <br />
    <br />
    <br />
    <br />
    <br />
    <br />
    <br />
    <br />
    <br />
    <br />
    <br />
  </div>
</DocumentFragment>
`;
