// Jest Snapshot v1, https://goo.gl/fbAQLP

exports[`Unit tests for Header Snapshot test for rendering navbar in header 1`] = `
<DocumentFragment>
  <header
    class="header flex flex-col"
  >
    <nav
      class="navbar flex items-center "
      role="navigation"
    >
      <div
        class="container navbar-container w-full flex justify-between"
      >
        <div
          class="brand-and-toggler flex items-center justify-between"
        >
          <a
            class="nav-brand"
            data-testid="logo"
            href="/"
          >
            Blogs 
            <span
              class="nav-brand-dot"
            />
          </a>
          <button
            class="nav-show-btn text-white"
            type="button"
          >
            <i
              class="bi bi-list"
            />
          </button>
        </div>
        <div
          class="nb-menu-wrapper flex items-center "
        >
          <button
            class="nav-hide-btn"
            type="button"
          >
            <i
              class="bi bi-x-square"
            />
          </button>
          <div>
            <ul
              class="nav-menu flex items-center"
            >
              <li
                class="nav-item"
                data-testid="listitem"
              >
                <a
                  class="nav-link"
                  href="/"
                  role="link"
                >
                  Home
                </a>
              </li>
              <li
                class="nav-item"
                data-testid="listitem"
              >
                <a
                  class="nav-link"
                  href="/about"
                  role="link"
                >
                  About
                </a>
              </li>
              <li
                class="nav-item"
                data-testid="listitem"
              >
                <a
                  class="nav-link"
                  href="/contacts"
                  role="link"
                >
                  Contact
                </a>
              </li>
              <div
                class="nav-btns"
              >
                <a
                  class="nav-btn btn"
                  data-testid="listitem"
                  href="/login"
                >
                  Login
                </a>
              </div>
              <div
                class="nav-btns"
              >
                <a
                  class="nav-btn btn"
                  data-testid="listitem"
                  href="/createpost"
                >
                  Post
                </a>
              </div>
            </ul>
          </div>
        </div>
      </div>
    </nav>
    <div
      class="container flex-1 w-full flex items-center justify-center"
      data-testid="header"
    >
      <div
        class="hd-content flex flex-col justify-center items-center text-center"
      >
        <h1
          class="hd-title text-white"
        >
          Our Newsroom
        </h1>
        <div
          class="hd-search"
        >
          <form>
            <div
              class="form-group flex items-stretch bg-white"
            >
              <span
                class="form-gp-icon items-center justify-center"
              >
                <i
                  class="bi bi-search"
                />
              </span>
              <input
                class="form-gp-input"
                data-testid="inputSearch"
                placeholder="Search article"
                type="text"
                value=""
              />
              <button
                class="form-gp-btn text-white bg-primary btn"
                disabled=""
                type="button"
              >
                Search
              </button>
            </div>
          </form>
        </div>
        <div
          class="hd-tags text-white flex items-center"
        >
          <h3
            class="hd-tags-title nowrap text-base"
          >
            Popular Tags:
          </h3>
          <ul
            class="tags-list flex flex-wrap items-center"
          >
            <li
              class="tags-item text-sm"
              data-testid="tag"
            >
              Design
            </li>
            <li
              class="tags-item text-sm"
              data-testid="tag"
            >
              User Experience
            </li>
            <li
              class="tags-item text-sm"
              data-testid="tag"
            >
              User Interfaces
            </li>
          </ul>
        </div>
      </div>
    </div>
  </header>
</DocumentFragment>
`;
