// Jest Snapshot v1, https://goo.gl/fbAQLP

exports[`Unit tests for navbar snapshot test to check it renders Navbar component 1`] = `
<DocumentFragment>
  <nav
    class="navbar flex items-center "
    role="navigation"
  >
    <div
      class="container navbar-container w-full flex justify-between"
    >
      <div
        class="brand-and-toggler flex items-center justify-between"
      >
        <a
          class="nav-brand"
          data-testid="logo"
          href="/"
        >
          Blogs 
          <span
            class="nav-brand-dot"
          />
        </a>
        <button
          class="nav-show-btn text-white"
          type="button"
        >
          <i
            class="bi bi-list"
          />
        </button>
      </div>
      <div
        class="nb-menu-wrapper flex items-center "
      >
        <button
          class="nav-hide-btn"
          type="button"
        >
          <i
            class="bi bi-x-square"
          />
        </button>
        <div>
          <ul
            class="nav-menu flex items-center"
          >
            <li
              class="nav-item"
              data-testid="listitem"
            >
              <a
                class="nav-link"
                href="/"
                role="link"
              >
                Home
              </a>
            </li>
            <li
              class="nav-item"
              data-testid="listitem"
            >
              <a
                class="nav-link"
                href="/about"
                role="link"
              >
                About
              </a>
            </li>
            <li
              class="nav-item"
              data-testid="listitem"
            >
              <a
                class="nav-link"
                href="/contacts"
                role="link"
              >
                Contact
              </a>
            </li>
            <div
              class="nav-btns"
            >
              <a
                class="nav-btn btn"
                data-testid="listitem"
                href="/login"
              >
                Login
              </a>
            </div>
            <div
              class="nav-btns"
            >
              <a
                class="nav-btn btn"
                data-testid="listitem"
                href="/createpost"
              >
                Post
              </a>
            </div>
          </ul>
        </div>
      </div>
    </div>
  </nav>
</DocumentFragment>
`;
