// Jest Snapshot v1, https://goo.gl/fbAQLP

exports[`Unit tests for RecentArticle Components Snapshot test for Recent Article component 1`] = `
<DocumentFragment>
  <section
    class="recent-sc"
  >
    <div
      class="container"
    >
      <div
        class="recent-content"
      >
        <div
          class="section-head flex items-end justify-between"
        >
          <div
            class="sc-head-l"
          >
            <h4
              class="title title-lg"
            >
              Recent Articles
            </h4>
            <p
              class="text text-base"
            >
              Here's what we've been up to recently.
            </p>
          </div>
          <div
            class="sc-head-r"
          >
            <a
              class="btn btn-o-primary"
              href="/blogs/recent"
              type="button"
            >
              View all
              <span
                class="btn-icon"
              >
                <i
                  class="bi bi-arrow-right"
                />
              </span>
            </a>
          </div>
        </div>
        <div
          class="card-list grid-cols grid-cols-3"
        />
      </div>
    </div>
  </section>
</DocumentFragment>
`;
