// Jest Snapshot v1, https://goo.gl/fbAQLP

exports[`Unit tests for RecentArticle Components Snapshot test for Recent Article component 1`] = `
<DocumentFragment>
  <section
    class="recent-sc"
  >
    <div
      class="container"
    >
      <div
        class="recent-content"
      >
        <div
          class="section-head flex items-end justify-between"
        >
          <div
            class="sc-head-l"
          >
            <h4
              class="title title-lg"
            >
              Recent Articles
            </h4>
            <p
              class="text text-base"
            >
              Here's what we've been up to recently.
            </p>
          </div>
          <div
            class="sc-head-r"
          >
            <button
              class="btn btn-o-primary"
              type="button"
            >
              View all
              <span
                class="btn-icon"
              >
                <i
                  class="bi bi-arrow-right"
                />
              </span>
            </button>
          </div>
        </div>
        <div
          class="card-list grid-cols grid-cols-3"
        >
          <a
            data-testid="slugLink"
            href="/blogs/post2"
          >
            <div
              class="card card-sm"
              data-testid="artice"
            >
              <img
                alt="Article"
                class="card-overlay-img object-fit-cover"
                data-testid="Image"
                src="blogImg2.jpg"
              />
              <div
                class="card-content"
              >
                <div
                  class="card-body"
                >
                  <h3
                    class="title title-base"
                  >
                    The Importance of Home Safety Measures
                  </h3>
                </div>
                <div
                  class="card-footer card-footer-light flex justify-between items-center"
                >
                  <div
                    class="writer-info grid"
                  >
                    <div
                      class="info-avatar"
                    >
                      <img
                        alt=""
                        class="object-fit-cover"
                        src="author2.jpg"
                      />
                    </div>
                    <div
                      class="info-intro"
                    >
                      <p
                        class="intro-name text-base"
                      >
                        Jonathan Baker
                      </p>
                      <div
                        class="intro-verify flex items-center"
                      >
                        <img
                          alt="icon"
                          class="verify-icon"
                          src="verify_icon_filled.svg"
                        />
                        <span
                          class="verify-status text-sm text"
                        >
                          Verified writer
                        </span>
                      </div>
                    </div>
                  </div>
                  <div
                    class="date-info text text-base"
                  >
                    18 August
                  </div>
                </div>
              </div>
            </div>
          </a>
          <a
            data-testid="slugLink"
            href="/blogs/post3"
          >
            <div
              class="card card-sm"
              data-testid="artice"
            >
              <img
                alt="Article"
                class="card-overlay-img object-fit-cover"
                data-testid="Image"
                src="blogImg3.jpg"
              />
              <div
                class="card-content"
              >
                <div
                  class="card-body"
                >
                  <h3
                    class="title title-base"
                  >
                    Navigating Parenthood: Tips for New Moms
                  </h3>
                </div>
                <div
                  class="card-footer card-footer-light flex justify-between items-center"
                >
                  <div
                    class="writer-info grid"
                  >
                    <div
                      class="info-avatar"
                    >
                      <img
                        alt=""
                        class="object-fit-cover"
                        src="author3.jpg"
                      />
                    </div>
                    <div
                      class="info-intro"
                    >
                      <p
                        class="intro-name text-base"
                      >
                        Sophia Greene
                      </p>
                      <div
                        class="intro-verify flex items-center"
                      >
                        <img
                          alt="icon"
                          class="verify-icon"
                          src="verify_icon_filled.svg"
                        />
                        <span
                          class="verify-status text-sm text"
                        >
                          Verified writer
                        </span>
                      </div>
                    </div>
                  </div>
                  <div
                    class="date-info text text-base"
                  >
                    20 August
                  </div>
                </div>
              </div>
            </div>
          </a>
          <a
            data-testid="slugLink"
            href="/blogs/post4"
          >
            <div
              class="card card-sm"
              data-testid="artice"
            >
              <img
                alt="Article"
                class="card-overlay-img object-fit-cover"
                data-testid="Image"
                src="blogImg4.jpg"
              />
              <div
                class="card-content"
              >
                <div
                  class="card-body"
                >
                  <h3
                    class="title title-base"
                  >
                    Embracing AI in the Workplace
                  </h3>
                </div>
                <div
                  class="card-footer card-footer-light flex justify-between items-center"
                >
                  <div
                    class="writer-info grid"
                  >
                    <div
                      class="info-avatar"
                    >
                      <img
                        alt=""
                        class="object-fit-cover"
                        src="author4.jpg"
                      />
                    </div>
                    <div
                      class="info-intro"
                    >
                      <p
                        class="intro-name text-base"
                      >
                        Alexander West
                      </p>
                      <div
                        class="intro-verify flex items-center"
                      >
                        <img
                          alt="icon"
                          class="verify-icon"
                          src="verify_icon_filled.svg"
                        />
                        <span
                          class="verify-status text-sm text"
                        >
                          Verified writer
                        </span>
                      </div>
                    </div>
                  </div>
                  <div
                    class="date-info text text-base"
                  >
                    22 August
                  </div>
                </div>
              </div>
            </div>
          </a>
        </div>
      </div>
    </div>
  </section>
</DocumentFragment>
`;
